Archive member included to satisfy reference by file (symbol)

c:/program files (x86)/atollic/truestudio for stm32 9.1.0/armtools/bin/../lib/gcc/arm-atollic-eabi/6.3.1/../../../../arm-atollic-eabi/lib/armv7e-m/fpu/fpv5-d16\libc_nano.a(lib_a-init.o)
                              startup\startup_stm32f767xx.o (__libc_init_array)
c:/program files (x86)/atollic/truestudio for stm32 9.1.0/armtools/bin/../lib/gcc/arm-atollic-eabi/6.3.1/armv7e-m/fpu/fpv5-d16\libgcc.a(_aeabi_uldivmod.o)
                              Drivers\STM32F7xx_HAL_Driver\Src\stm32f7xx_hal_rcc.o (__aeabi_uldivmod)
c:/program files (x86)/atollic/truestudio for stm32 9.1.0/armtools/bin/../lib/gcc/arm-atollic-eabi/6.3.1/armv7e-m/fpu/fpv5-d16\libgcc.a(_udivmoddi4.o)
                              c:/program files (x86)/atollic/truestudio for stm32 9.1.0/armtools/bin/../lib/gcc/arm-atollic-eabi/6.3.1/armv7e-m/fpu/fpv5-d16\libgcc.a(_aeabi_uldivmod.o) (__udivmoddi4)
c:/program files (x86)/atollic/truestudio for stm32 9.1.0/armtools/bin/../lib/gcc/arm-atollic-eabi/6.3.1/armv7e-m/fpu/fpv5-d16\libgcc.a(_dvmd_tls.o)
                              c:/program files (x86)/atollic/truestudio for stm32 9.1.0/armtools/bin/../lib/gcc/arm-atollic-eabi/6.3.1/armv7e-m/fpu/fpv5-d16\libgcc.a(_aeabi_uldivmod.o) (__aeabi_ldiv0)

Allocating common symbols
Common symbol       size              file

htim4               0x40              Src\main.o
current_state       0x1               Src\fonc.o
uwTick              0x4               Drivers\STM32F7xx_HAL_Driver\Src\stm32f7xx_hal.o
pFlash              0x1c              Drivers\STM32F7xx_HAL_Driver\Src\stm32f7xx_hal_flash.o
htim5               0x40              Src\main.o
htim3               0x40              Src\main.o
hadc1               0x48              Src\main.o
htim1               0x40              Src\main.o
htim9               0x40              Src\main.o
htim2               0x40              Src\main.o

Discarded input sections

 .text          0x00000000        0x0 c:/program files (x86)/atollic/truestudio for stm32 9.1.0/armtools/bin/../lib/gcc/arm-atollic-eabi/6.3.1/armv7e-m/fpu/fpv5-d16/crti.o
 .data          0x00000000        0x0 c:/program files (x86)/atollic/truestudio for stm32 9.1.0/armtools/bin/../lib/gcc/arm-atollic-eabi/6.3.1/armv7e-m/fpu/fpv5-d16/crti.o
 .bss           0x00000000        0x0 c:/program files (x86)/atollic/truestudio for stm32 9.1.0/armtools/bin/../lib/gcc/arm-atollic-eabi/6.3.1/armv7e-m/fpu/fpv5-d16/crti.o
 .data          0x00000000        0x4 c:/program files (x86)/atollic/truestudio for stm32 9.1.0/armtools/bin/../lib/gcc/arm-atollic-eabi/6.3.1/armv7e-m/fpu/fpv5-d16/crtbegin.o
 .text          0x00000000        0x0 Drivers\STM32F7xx_HAL_Driver\Src\stm32f7xx_hal.o
 .data          0x00000000        0x0 Drivers\STM32F7xx_HAL_Driver\Src\stm32f7xx_hal.o
 .bss           0x00000000        0x0 Drivers\STM32F7xx_HAL_Driver\Src\stm32f7xx_hal.o
 .text.HAL_MspInit
                0x00000000        0x2 Drivers\STM32F7xx_HAL_Driver\Src\stm32f7xx_hal.o
 .text.HAL_MspDeInit
                0x00000000        0x2 Drivers\STM32F7xx_HAL_Driver\Src\stm32f7xx_hal.o
 .text.HAL_DeInit
                0x00000000       0x2c Drivers\STM32F7xx_HAL_Driver\Src\stm32f7xx_hal.o
 .text.HAL_GetTickPrio
                0x00000000        0xc Drivers\STM32F7xx_HAL_Driver\Src\stm32f7xx_hal.o
 .text.HAL_SetTickFreq
                0x00000000       0x24 Drivers\STM32F7xx_HAL_Driver\Src\stm32f7xx_hal.o
 .text.HAL_GetTickFreq
                0x00000000        0xc Drivers\STM32F7xx_HAL_Driver\Src\stm32f7xx_hal.o
 .text.HAL_SuspendTick
                0x00000000       0x10 Drivers\STM32F7xx_HAL_Driver\Src\stm32f7xx_hal.o
 .text.HAL_ResumeTick
                0x00000000       0x10 Drivers\STM32F7xx_HAL_Driver\Src\stm32f7xx_hal.o
 .text.HAL_GetHalVersion
                0x00000000        0x8 Drivers\STM32F7xx_HAL_Driver\Src\stm32f7xx_hal.o
 .text.HAL_GetREVID
                0x00000000        0xc Drivers\STM32F7xx_HAL_Driver\Src\stm32f7xx_hal.o
 .text.HAL_GetDEVID
                0x00000000       0x10 Drivers\STM32F7xx_HAL_Driver\Src\stm32f7xx_hal.o
 .text.HAL_GetUIDw0
                0x00000000        0xc Drivers\STM32F7xx_HAL_Driver\Src\stm32f7xx_hal.o
 .text.HAL_GetUIDw1
                0x00000000        0xc Drivers\STM32F7xx_HAL_Driver\Src\stm32f7xx_hal.o
 .text.HAL_GetUIDw2
                0x00000000        0xc Drivers\STM32F7xx_HAL_Driver\Src\stm32f7xx_hal.o
 .text.HAL_DBGMCU_EnableDBGSleepMode
                0x00000000       0x10 Drivers\STM32F7xx_HAL_Driver\Src\stm32f7xx_hal.o
 .text.HAL_DBGMCU_DisableDBGSleepMode
                0x00000000       0x10 Drivers\STM32F7xx_HAL_Driver\Src\stm32f7xx_hal.o
 .text.HAL_DBGMCU_EnableDBGStopMode
                0x00000000       0x10 Drivers\STM32F7xx_HAL_Driver\Src\stm32f7xx_hal.o
 .text.HAL_DBGMCU_DisableDBGStopMode
                0x00000000       0x10 Drivers\STM32F7xx_HAL_Driver\Src\stm32f7xx_hal.o
[...]
Memory Configuration

Name             Origin             Length             Attributes
RAM              0x20000000         0x00080000         xrw
FLASH            0x08000000         0x00200000         xr
*default*        0x00000000         0xffffffff

Linker script and memory map

LOAD c:/program files (x86)/atollic/truestudio for stm32 9.1.0/armtools/bin/../lib/gcc/arm-atollic-eabi/6.3.1/armv7e-m/fpu/fpv5-d16/crti.o
LOAD c:/program files (x86)/atollic/truestudio for stm32 9.1.0/armtools/bin/../lib/gcc/arm-atollic-eabi/6.3.1/armv7e-m/fpu/fpv5-d16/crtbegin.o
LOAD Drivers\STM32F7xx_HAL_Driver\Src\stm32f7xx_hal.o
LOAD Drivers\STM32F7xx_HAL_Driver\Src\stm32f7xx_hal_adc.o
LOAD Drivers\STM32F7xx_HAL_Driver\Src\stm32f7xx_hal_adc_ex.o
LOAD Drivers\STM32F7xx_HAL_Driver\Src\stm32f7xx_hal_cortex.o
LOAD Drivers\STM32F7xx_HAL_Driver\Src\stm32f7xx_hal_dma.o
LOAD Drivers\STM32F7xx_HAL_Driver\Src\stm32f7xx_hal_dma_ex.o
LOAD Drivers\STM32F7xx_HAL_Driver\Src\stm32f7xx_hal_flash.o
LOAD Drivers\STM32F7xx_HAL_Driver\Src\stm32f7xx_hal_flash_ex.o
LOAD Drivers\STM32F7xx_HAL_Driver\Src\stm32f7xx_hal_gpio.o
LOAD Drivers\STM32F7xx_HAL_Driver\Src\stm32f7xx_hal_i2c.o
LOAD Drivers\STM32F7xx_HAL_Driver\Src\stm32f7xx_hal_i2c_ex.o
LOAD Drivers\STM32F7xx_HAL_Driver\Src\stm32f7xx_hal_pwr.o
LOAD Drivers\STM32F7xx_HAL_Driver\Src\stm32f7xx_hal_pwr_ex.o
LOAD Drivers\STM32F7xx_HAL_Driver\Src\stm32f7xx_hal_rcc.o
LOAD Drivers\STM32F7xx_HAL_Driver\Src\stm32f7xx_hal_rcc_ex.o
LOAD Drivers\STM32F7xx_HAL_Driver\Src\stm32f7xx_hal_tim.o
LOAD Drivers\STM32F7xx_HAL_Driver\Src\stm32f7xx_hal_tim_ex.o
LOAD Src\fonc.o
LOAD Src\main.o
LOAD Src\stm32f7xx_hal_msp.o
LOAD Src\stm32f7xx_it.o
LOAD Src\system_stm32f7xx.o
LOAD startup\startup_stm32f767xx.o
                0x00000080                malloc_getpagesize_P = 0x80
START GROUP
LOAD c:/program files (x86)/atollic/truestudio for stm32 9.1.0/armtools/bin/../lib/gcc/arm-atollic-eabi/6.3.1/../../../../arm-atollic-eabi/lib/armv7e-m/fpu/fpv5-d16\libc_nano.a
LOAD c:/program files (x86)/atollic/truestudio for stm32 9.1.0/armtools/bin/../lib/gcc/arm-atollic-eabi/6.3.1/../../../../arm-atollic-eabi/lib/armv7e-m/fpu/fpv5-d16\libm.a
END GROUP
START GROUP
LOAD c:/program files (x86)/atollic/truestudio for stm32 9.1.0/armtools/bin/../lib/gcc/arm-atollic-eabi/6.3.1/armv7e-m/fpu/fpv5-d16\libgcc.a
LOAD c:/program files (x86)/atollic/truestudio for stm32 9.1.0/armtools/bin/../lib/gcc/arm-atollic-eabi/6.3.1/../../../../arm-atollic-eabi/lib/armv7e-m/fpu/fpv5-d16\libc_nano.a
END GROUP
START GROUP
LOAD c:/program files (x86)/atollic/truestudio for stm32 9.1.0/armtools/bin/../lib/gcc/arm-atollic-eabi/6.3.1/armv7e-m/fpu/fpv5-d16\libgcc.a
LOAD c:/program files (x86)/atollic/truestudio for stm32 9.1.0/armtools/bin/../lib/gcc/arm-atollic-eabi/6.3.1/../../../../arm-atollic-eabi/lib/armv7e-m/fpu/fpv5-d16\libc_nano.a
LOAD c:/program files (x86)/atollic/truestudio for stm32 9.1.0/armtools/bin/../lib/gcc/arm-atollic-eabi/6.3.1/../../../../arm-atollic-eabi/lib/armv7e-m/fpu/fpv5-d16\libnosys.a
END GROUP
START GROUP
LOAD c:/program files (x86)/atollic/truestudio for stm32 9.1.0/armtools/bin/../lib/gcc/arm-atollic-eabi/6.3.1/armv7e-m/fpu/fpv5-d16\libgcc.a
LOAD c:/program files (x86)/atollic/truestudio for stm32 9.1.0/armtools/bin/../lib/gcc/arm-atollic-eabi/6.3.1/../../../../arm-atollic-eabi/lib/armv7e-m/fpu/fpv5-d16\libc_nano.a
LOAD c:/program files (x86)/atollic/truestudio for stm32 9.1.0/armtools/bin/../lib/gcc/arm-atollic-eabi/6.3.1/../../../../arm-atollic-eabi/lib/armv7e-m/fpu/fpv5-d16\libnosys.a
END GROUP
LOAD c:/program files (x86)/atollic/truestudio for stm32 9.1.0/armtools/bin/../lib/gcc/arm-atollic-eabi/6.3.1/armv7e-m/fpu/fpv5-d16/crtend.o
LOAD c:/program files (x86)/atollic/truestudio for stm32 9.1.0/armtools/bin/../lib/gcc/arm-atollic-eabi/6.3.1/armv7e-m/fpu/fpv5-d16/crtn.o
                0x20080000                _estack = 0x20080000
                0x00000200                _Min_Heap_Size = 0x200
                0x00000400                _Min_Stack_Size = 0x400

.isr_vector     0x08000000      0x1f8
                0x08000000                . = ALIGN (0x4)
 *(.isr_vector)
 .isr_vector    0x08000000      0x1f8 startup\startup_stm32f767xx.o
                0x08000000                g_pfnVectors
                0x080001f8                . = ALIGN (0x4)

.text           0x080001f8     0x202c
                0x080001f8                . = ALIGN (0x4)
 *(.text)
 .text          0x080001f8       0x40 c:/program files (x86)/atollic/truestudio for stm32 9.1.0/armtools/bin/../lib/gcc/arm-atollic-eabi/6.3.1/armv7e-m/fpu/fpv5-d16/crtbegin.o
 .text          0x08000238       0x30 c:/program files (x86)/atollic/truestudio for stm32 9.1.0/armtools/bin/../lib/gcc/arm-atollic-eabi/6.3.1/armv7e-m/fpu/fpv5-d16\libgcc.a(_aeabi_uldivmod.o)
                0x08000238                __aeabi_uldivmod
 .text          0x08000268      0x2dc c:/program files (x86)/atollic/truestudio for stm32 9.1.0/armtools/bin/../lib/gcc/arm-atollic-eabi/6.3.1/armv7e-m/fpu/fpv5-d16\libgcc.a(_udivmoddi4.o)
                0x08000268                __udivmoddi4
 .text          0x08000544        0x4 c:/program files (x86)/atollic/truestudio for stm32 9.1.0/armtools/bin/../lib/gcc/arm-atollic-eabi/6.3.1/armv7e-m/fpu/fpv5-d16\libgcc.a(_dvmd_tls.o)
                0x08000544                __aeabi_idiv0
                0x08000544                __aeabi_ldiv0
 *(.text*)
 .text.HAL_InitTick
                0x08000548       0x48 Drivers\STM32F7xx_HAL_Driver\Src\stm32f7xx_hal.o
                0x08000548                HAL_InitTick
 .text.HAL_Init
                0x08000590       0x16 Drivers\STM32F7xx_HAL_Driver\Src\stm32f7xx_hal.o
                0x08000590                HAL_Init
 *fill*         0x080005a6        0x2 
 .text.HAL_IncTick
                0x080005a8       0x18 Drivers\STM32F7xx_HAL_Driver\Src\stm32f7xx_hal.o
                0x080005a8                HAL_IncTick
 .text.HAL_GetTick
                0x080005c0        0xc Drivers\STM32F7xx_HAL_Driver\Src\stm32f7xx_hal.o
                0x080005c0                HAL_GetTick
 .text.HAL_Delay
                0x080005cc       0x24 Drivers\STM32F7xx_HAL_Driver\Src\stm32f7xx_hal.o
                0x080005cc                HAL_Delay
 .text.HAL_ADC_Init
                0x080005f0      0x148 Drivers\STM32F7xx_HAL_Driver\Src\stm32f7xx_hal_adc.o
                0x080005f0                HAL_ADC_Init
 .text.HAL_ADC_ConfigChannel
                0x08000738      0x140 Drivers\STM32F7xx_HAL_Driver\Src\stm32f7xx_hal_adc.o
                0x08000738                HAL_ADC_ConfigChannel
 .text.HAL_NVIC_SetPriorityGrouping
                0x08000878       0x24 Drivers\STM32F7xx_HAL_Driver\Src\stm32f7xx_hal_cortex.o
                0x08000878                HAL_NVIC_SetPriorityGrouping
 .text.HAL_NVIC_SetPriority
                0x0800089c       0x70 Drivers\STM32F7xx_HAL_Driver\Src\stm32f7xx_hal_cortex.o
                0x0800089c                HAL_NVIC_SetPriority
 .text.HAL_SYSTICK_Config
                0x0800090c       0x2c Drivers\STM32F7xx_HAL_Driver\Src\stm32f7xx_hal_cortex.o
                0x0800090c                HAL_SYSTICK_Config
 .text.HAL_SYSTICK_CLKSourceConfig
                0x08000938       0x18 Drivers\STM32F7xx_HAL_Driver\Src\stm32f7xx_hal_cortex.o
                0x08000938                HAL_SYSTICK_CLKSourceConfig
 .text.HAL_SYSTICK_Callback
                0x08000950        0x2 Drivers\STM32F7xx_HAL_Driver\Src\stm32f7xx_hal_cortex.o
                0x08000950                HAL_SYSTICK_Callback
 .text.HAL_SYSTICK_IRQHandler
                0x08000952        0x8 Drivers\STM32F7xx_HAL_Driver\Src\stm32f7xx_hal_cortex.o
                0x08000952                HAL_SYSTICK_IRQHandler
 *fill*         0x0800095a        0x2 
 .text.HAL_GPIO_Init
                0x0800095c      0x1d4 Drivers\STM32F7xx_HAL_Driver\Src\stm32f7xx_hal_gpio.o
                0x0800095c                HAL_GPIO_Init
 .text.HAL_GPIO_ReadPin
                0x08000b30        0xc Drivers\STM32F7xx_HAL_Driver\Src\stm32f7xx_hal_gpio.o
                0x08000b30                HAL_GPIO_ReadPin
 .text.HAL_GPIO_WritePin
                0x08000b3c        0xa Drivers\STM32F7xx_HAL_Driver\Src\stm32f7xx_hal_gpio.o
                0x08000b3c                HAL_GPIO_WritePin
 *fill*         0x08000b46        0x2 
 .text.HAL_PWREx_EnableOverDrive
                0x08000b48       0x70 Drivers\STM32F7xx_HAL_Driver\Src\stm32f7xx_hal_pwr_ex.o
                0x08000b48                HAL_PWREx_EnableOverDrive
 .text.HAL_RCC_OscConfig
                0x08000bb8      0x328 Drivers\STM32F7xx_HAL_Driver\Src\stm32f7xx_hal_rcc.o
                0x08000bb8                HAL_RCC_OscConfig
 .text.HAL_RCC_GetSysClockFreq
                0x08000ee0       0x5c Drivers\STM32F7xx_HAL_Driver\Src\stm32f7xx_hal_rcc.o
                0x08000ee0                HAL_RCC_GetSysClockFreq
 .text.HAL_RCC_ClockConfig
                0x08000f3c      0x13c Drivers\STM32F7xx_HAL_Driver\Src\stm32f7xx_hal_rcc.o
                0x08000f3c                HAL_RCC_ClockConfig
 .text.HAL_RCC_GetHCLKFreq
                0x08001078        0xc Drivers\STM32F7xx_HAL_Driver\Src\stm32f7xx_hal_rcc.o
                0x08001078                HAL_RCC_GetHCLKFreq
 .text.TIM_TI1_ConfigInputStage
                0x08001084       0x22 Drivers\STM32F7xx_HAL_Driver\Src\stm32f7xx_hal_tim.o
 .text.TIM_TI2_ConfigInputStage
                0x080010a6       0x24 Drivers\STM32F7xx_HAL_Driver\Src\stm32f7xx_hal_tim.o
 .text.HAL_TIM_Encoder_Start
                0x080010ca       0x44 Drivers\STM32F7xx_HAL_Driver\Src\stm32f7xx_hal_tim.o
                0x080010ca                HAL_TIM_Encoder_Start
 *fill*         0x0800110e        0x2 
 .text.TIM_Base_SetConfig
                0x08001110       0xd0 Drivers\STM32F7xx_HAL_Driver\Src\stm32f7xx_hal_tim.o
                0x08001110                TIM_Base_SetConfig
 .text.HAL_TIM_Base_Init
                0x080011e0       0x34 Drivers\STM32F7xx_HAL_Driver\Src\stm32f7xx_hal_tim.o
                0x080011e0                HAL_TIM_Base_Init
 .text.HAL_TIM_PWM_Init
                0x08001214       0x34 Drivers\STM32F7xx_HAL_Driver\Src\stm32f7xx_hal_tim.o
                0x08001214                HAL_TIM_PWM_Init
 .text.HAL_TIM_Encoder_Init
                0x08001248       0x96 Drivers\STM32F7xx_HAL_Driver\Src\stm32f7xx_hal_tim.o
                0x08001248                HAL_TIM_Encoder_Init
 *fill*         0x080012de        0x2 
 .text.TIM_OC1_SetConfig
                0x080012e0       0x5c Drivers\STM32F7xx_HAL_Driver\Src\stm32f7xx_hal_tim.o
                0x080012e0                TIM_OC1_SetConfig
 .text.TIM_OC2_SetConfig
                0x0800133c       0x64 Drivers\STM32F7xx_HAL_Driver\Src\stm32f7xx_hal_tim.o
                0x0800133c                TIM_OC2_SetConfig
 .text.TIM_OC3_SetConfig
                0x080013a0       0x64 Drivers\STM32F7xx_HAL_Driver\Src\stm32f7xx_hal_tim.o
                0x080013a0                TIM_OC3_SetConfig
 .text.TIM_OC4_SetConfig
                0x08001404       0x54 Drivers\STM32F7xx_HAL_Driver\Src\stm32f7xx_hal_tim.o
                0x08001404                TIM_OC4_SetConfig
 .text.TIM_ETR_SetConfig
                0x08001458       0x14 Drivers\STM32F7xx_HAL_Driver\Src\stm32f7xx_hal_tim.o
                0x08001458                TIM_ETR_SetConfig
 .text.HAL_TIM_ConfigClockSource
                0x0800146c      0x11c Drivers\STM32F7xx_HAL_Driver\Src\stm32f7xx_hal_tim.o
                0x0800146c                HAL_TIM_ConfigClockSource
 .text.TIM_CCxChannelCmd
                0x08001588       0x18 Drivers\STM32F7xx_HAL_Driver\Src\stm32f7xx_hal_tim.o
                0x08001588                TIM_CCxChannelCmd
 .text.HAL_TIM_PWM_Start
                0x080015a0       0x34 Drivers\STM32F7xx_HAL_Driver\Src\stm32f7xx_hal_tim.o
                0x080015a0                HAL_TIM_PWM_Start
 .text.TIM_OC5_SetConfig
                0x080015d4       0x50 Drivers\STM32F7xx_HAL_Driver\Src\stm32f7xx_hal_tim_ex.o
 .text.TIM_OC6_SetConfig
                0x08001624       0x50 Drivers\STM32F7xx_HAL_Driver\Src\stm32f7xx_hal_tim_ex.o
 .text.HAL_TIMEx_MasterConfigSynchronization
                0x08001674       0x4c Drivers\STM32F7xx_HAL_Driver\Src\stm32f7xx_hal_tim_ex.o
                0x08001674                HAL_TIMEx_MasterConfigSynchronization
 .text.HAL_TIMEx_ConfigBreakDeadTime
                0x080016c0       0x84 Drivers\STM32F7xx_HAL_Driver\Src\stm32f7xx_hal_tim_ex.o
                0x080016c0                HAL_TIMEx_ConfigBreakDeadTime
 .text.HAL_TIM_PWM_ConfigChannel
                0x08001744      0x10c Drivers\STM32F7xx_HAL_Driver\Src\stm32f7xx_hal_tim_ex.o
                0x08001744                HAL_TIM_PWM_ConfigChannel
 .text.run      0x08001850       0xdc Src\fonc.o
                0x08001850                run
 .text.init_avance
                0x0800192c        0xc Src\fonc.o
                0x0800192c                init_avance
 .text.SystemClock_Config
                0x08001938       0xac Src\main.o
                0x08001938                SystemClock_Config
 .text.startup.main
                0x080019e4      0x4a8 Src\main.o
                0x080019e4                main
 .text.HAL_MspInit
                0x08001e8c       0x8c Src\stm32f7xx_hal_msp.o
                0x08001e8c                HAL_MspInit
 .text.HAL_ADC_MspInit
                0x08001f18       0x44 Src\stm32f7xx_hal_msp.o
                0x08001f18                HAL_ADC_MspInit
 .text.HAL_TIM_Base_MspInit
                0x08001f5c       0x28 Src\stm32f7xx_hal_msp.o
                0x08001f5c                HAL_TIM_Base_MspInit
 .text.HAL_TIM_Encoder_MspInit
                0x08001f84      0x108 Src\stm32f7xx_hal_msp.o
                0x08001f84                HAL_TIM_Encoder_MspInit
 .text.HAL_TIM_PWM_MspInit
                0x0800208c       0x28 Src\stm32f7xx_hal_msp.o
                0x0800208c                HAL_TIM_PWM_MspInit
 .text.HAL_TIM_MspPostInit
                0x080020b4       0x50 Src\stm32f7xx_hal_msp.o
                0x080020b4                HAL_TIM_MspPostInit
 .text.NMI_Handler
                0x08002104        0x2 Src\stm32f7xx_it.o
                0x08002104                NMI_Handler
 .text.HardFault_Handler
                0x08002106        0x2 Src\stm32f7xx_it.o
                0x08002106                HardFault_Handler
 .text.MemManage_Handler
                0x08002108        0x2 Src\stm32f7xx_it.o
                0x08002108                MemManage_Handler
 .text.BusFault_Handler
                0x0800210a        0x2 Src\stm32f7xx_it.o
                0x0800210a                BusFault_Handler
 .text.UsageFault_Handler
                0x0800210c        0x2 Src\stm32f7xx_it.o
                0x0800210c                UsageFault_Handler
 .text.SVC_Handler
                0x0800210e        0x2 Src\stm32f7xx_it.o
                0x0800210e                SVC_Handler
 .text.DebugMon_Handler
                0x08002110        0x2 Src\stm32f7xx_it.o
                0x08002110                DebugMon_Handler
 .text.PendSV_Handler
                0x08002112        0x2 Src\stm32f7xx_it.o
                0x08002112                PendSV_Handler
 .text.SysTick_Handler
                0x08002114        0xe Src\stm32f7xx_it.o
                0x08002114                SysTick_Handler
 *fill*         0x08002122        0x2 
 .text.SystemInit
                0x08002124       0x4c Src\system_stm32f7xx.o
                0x08002124                SystemInit
 .text.Reset_Handler
                0x08002170       0x50 startup\startup_stm32f767xx.o
                0x08002170                Reset_Handler
 .text.Default_Handler
                0x080021c0        0x2 startup\startup_stm32f767xx.o
                0x080021c0                RTC_Alarm_IRQHandler
                0x080021c0                EXTI2_IRQHandler
                0x080021c0                TIM8_CC_IRQHandler
                0x080021c0                UART8_IRQHandler
                0x080021c0                SPI4_IRQHandler
                0x080021c0                TIM1_CC_IRQHandler
                0x080021c0                DMA2_Stream5_IRQHandler
                0x080021c0                JPEG_IRQHandler
                0x080021c0                DMA1_Stream5_IRQHandler
                0x080021c0                CAN3_RX1_IRQHandler
                0x080021c0                PVD_IRQHandler
                0x080021c0                TAMP_STAMP_IRQHandler
                0x080021c0                CAN2_RX1_IRQHandler
                0x080021c0                EXTI3_IRQHandler
                0x080021c0                TIM8_TRG_COM_TIM14_IRQHandler
                0x080021c0                DFSDM1_FLT1_IRQHandler
                0x080021c0                TIM1_UP_TIM10_IRQHandler
                0x080021c0                TIM8_UP_TIM13_IRQHandler
                0x080021c0                I2C3_ER_IRQHandler
                0x080021c0                DFSDM1_FLT2_IRQHandler
                0x080021c0                EXTI0_IRQHandler
                0x080021c0                I2C2_EV_IRQHandler
                0x080021c0                DMA1_Stream2_IRQHandler
                0x080021c0                CAN1_RX0_IRQHandler
                0x080021c0                FPU_IRQHandler
                0x080021c0                OTG_HS_WKUP_IRQHandler
                0x080021c0                CAN3_SCE_IRQHandler
                0x080021c0                LTDC_ER_IRQHandler
                0x080021c0                CAN2_SCE_IRQHandler
                0x080021c0                DMA2_Stream2_IRQHandler
                0x080021c0                SPI1_IRQHandler
                0x080021c0                TIM6_DAC_IRQHandler
                0x080021c0                TIM1_BRK_TIM9_IRQHandler
                0x080021c0                DCMI_IRQHandler
                0x080021c0                CAN2_RX0_IRQHandler
                0x080021c0                DMA2_Stream3_IRQHandler
                0x080021c0                SAI2_IRQHandler
                0x080021c0                DFSDM1_FLT3_IRQHandler
                0x080021c0                USART6_IRQHandler
                0x080021c0                CAN3_RX0_IRQHandler
                0x080021c0                USART3_IRQHandler
                0x080021c0                CAN1_RX1_IRQHandler
                0x080021c0                UART5_IRQHandler
                0x080021c0                DMA2_Stream0_IRQHandler
                0x080021c0                TIM4_IRQHandler
                0x080021c0                QUADSPI_IRQHandler
                0x080021c0                I2C1_EV_IRQHandler
                0x080021c0                DMA1_Stream6_IRQHandler
                0x080021c0                DMA1_Stream1_IRQHandler
                0x080021c0                UART4_IRQHandler
                0x080021c0                TIM3_IRQHandler
                0x080021c0                RCC_IRQHandler
                0x080021c0                TIM8_BRK_TIM12_IRQHandler
                0x080021c0                Default_Handler
                0x080021c0                CEC_IRQHandler
                0x080021c0                EXTI15_10_IRQHandler
                0x080021c0                ADC_IRQHandler
                0x080021c0                DMA1_Stream7_IRQHandler
                0x080021c0                SPI5_IRQHandler
                0x080021c0                TIM7_IRQHandler
                0x080021c0                SDMMC1_IRQHandler
                0x080021c0                CAN2_TX_IRQHandler
                0x080021c0                TIM5_IRQHandler
                0x080021c0                DMA2_Stream7_IRQHandler
                0x080021c0                I2C3_EV_IRQHandler
                0x080021c0                EXTI9_5_IRQHandler
                0x080021c0                RTC_WKUP_IRQHandler
                0x080021c0                LTDC_IRQHandler
                0x080021c0                ETH_WKUP_IRQHandler
                0x080021c0                SPDIF_RX_IRQHandler
                0x080021c0                SPI2_IRQHandler
                0x080021c0                OTG_HS_EP1_IN_IRQHandler
                0x080021c0                DMA1_Stream0_IRQHandler
                0x080021c0                CAN1_TX_IRQHandler
                0x080021c0                EXTI4_IRQHandler
                0x080021c0                RNG_IRQHandler
                0x080021c0                ETH_IRQHandler
                0x080021c0                OTG_HS_EP1_OUT_IRQHandler
                0x080021c0                WWDG_IRQHandler
                0x080021c0                SPI6_IRQHandler
                0x080021c0                MDIOS_IRQHandler
                0x080021c0                I2C4_EV_IRQHandler
                0x080021c0                CAN3_TX_IRQHandler
                0x080021c0                TIM2_IRQHandler
                0x080021c0                OTG_FS_WKUP_IRQHandler
                0x080021c0                TIM1_TRG_COM_TIM11_IRQHandler
                0x080021c0                OTG_HS_IRQHandler
                0x080021c0                DMA2D_IRQHandler
                0x080021c0                EXTI1_IRQHandler
                0x080021c0                SDMMC2_IRQHandler
                0x080021c0                UART7_IRQHandler
                0x080021c0                USART2_IRQHandler
                0x080021c0                DFSDM1_FLT0_IRQHandler
                0x080021c0                I2C2_ER_IRQHandler
                0x080021c0                DMA2_Stream1_IRQHandler
                0x080021c0                CAN1_SCE_IRQHandler
                0x080021c0                FLASH_IRQHandler
                0x080021c0                DMA2_Stream4_IRQHandler
                0x080021c0                USART1_IRQHandler
                0x080021c0                OTG_FS_IRQHandler
                0x080021c0                SPI3_IRQHandler
                0x080021c0                DMA1_Stream4_IRQHandler
                0x080021c0                I2C1_ER_IRQHandler
                0x080021c0                FMC_IRQHandler
                0x080021c0                LPTIM1_IRQHandler
                0x080021c0                I2C4_ER_IRQHandler
                0x080021c0                DMA2_Stream6_IRQHandler
                0x080021c0                SAI1_IRQHandler
                0x080021c0                DMA1_Stream3_IRQHandler
 *fill*         0x080021c2        0x2 
 .text.__libc_init_array
                0x080021c4       0x48 c:/program files (x86)/atollic/truestudio for stm32 9.1.0/armtools/bin/../lib/gcc/arm-atollic-eabi/6.3.1/../../../../arm-atollic-eabi/lib/armv7e-m/fpu/fpv5-d16\libc_nano.a(lib_a-init.o)
                0x080021c4                __libc_init_array
 *(.glue_7)
 .glue_7        0x0800220c        0x0 linker stubs
 *(.glue_7t)
 .glue_7t       0x0800220c        0x0 linker stubs
 *(.eh_frame)
 .eh_frame      0x0800220c        0x0 c:/program files (x86)/atollic/truestudio for stm32 9.1.0/armtools/bin/../lib/gcc/arm-atollic-eabi/6.3.1/armv7e-m/fpu/fpv5-d16/crtbegin.o
 *(.init)
 .init          0x0800220c        0x4 c:/program files (x86)/atollic/truestudio for stm32 9.1.0/armtools/bin/../lib/gcc/arm-atollic-eabi/6.3.1/armv7e-m/fpu/fpv5-d16/crti.o
                0x0800220c                _init
 .init          0x08002210        0x8 c:/program files (x86)/atollic/truestudio for stm32 9.1.0/armtools/bin/../lib/gcc/arm-atollic-eabi/6.3.1/armv7e-m/fpu/fpv5-d16/crtn.o
 *(.fini)
 .fini          0x08002218        0x4 c:/program files (x86)/atollic/truestudio for stm32 9.1.0/armtools/bin/../lib/gcc/arm-atollic-eabi/6.3.1/armv7e-m/fpu/fpv5-d16/crti.o
                0x08002218                _fini
 .fini          0x0800221c        0x8 c:/program files (x86)/atollic/truestudio for stm32 9.1.0/armtools/bin/../lib/gcc/arm-atollic-eabi/6.3.1/armv7e-m/fpu/fpv5-d16/crtn.o
                0x08002224                . = ALIGN (0x4)
                0x08002224                _etext = .

.vfp11_veneer   0x08002224        0x0
 .vfp11_veneer  0x08002224        0x0 linker stubs

.v4_bx          0x08002224        0x0
 .v4_bx         0x08002224        0x0 linker stubs

.iplt           0x08002224        0x0
 .iplt          0x08002224        0x0 c:/program files (x86)/atollic/truestudio for stm32 9.1.0/armtools/bin/../lib/gcc/arm-atollic-eabi/6.3.1/armv7e-m/fpu/fpv5-d16/crtbegin.o

.rodata         0x08002224       0x10
                0x08002224                . = ALIGN (0x4)
 *(.rodata)
 *(.rodata*)
 .rodata.AHBPrescTable
                0x08002224       0x10 Src\system_stm32f7xx.o
                0x08002224                AHBPrescTable
                0x08002234                . = ALIGN (0x4)

.ARM.extab
 *(.ARM.extab* .gnu.linkonce.armextab.*)

.ARM            0x08002234        0x8
                0x08002234                __exidx_start = .
 *(.ARM.exidx*)
 .ARM.exidx     0x08002234        0x8 c:/program files (x86)/atollic/truestudio for stm32 9.1.0/armtools/bin/../lib/gcc/arm-atollic-eabi/6.3.1/armv7e-m/fpu/fpv5-d16\libgcc.a(_udivmoddi4.o)
                0x0800223c                __exidx_end = .

.rel.dyn        0x0800223c        0x0
 .rel.iplt      0x0800223c        0x0 c:/program files (x86)/atollic/truestudio for stm32 9.1.0/armtools/bin/../lib/gcc/arm-atollic-eabi/6.3.1/armv7e-m/fpu/fpv5-d16/crtbegin.o

.preinit_array  0x0800223c        0x0
                0x0800223c                PROVIDE (__preinit_array_start, .)
 *(.preinit_array*)
                0x0800223c                PROVIDE (__preinit_array_end, .)

.init_array     0x0800223c        0x4
                0x0800223c                PROVIDE (__init_array_start, .)
 *(SORT(.init_array.*))
 *(.init_array*)
 .init_array    0x0800223c        0x4 c:/program files (x86)/atollic/truestudio for stm32 9.1.0/armtools/bin/../lib/gcc/arm-atollic-eabi/6.3.1/armv7e-m/fpu/fpv5-d16/crtbegin.o
                0x08002240                PROVIDE (__init_array_end, .)

.fini_array     0x08002240        0x4
                [!provide]                PROVIDE (__fini_array_start, .)
 *(SORT(.fini_array.*))
 *(.fini_array*)
 .fini_array    0x08002240        0x4 c:/program files (x86)/atollic/truestudio for stm32 9.1.0/armtools/bin/../lib/gcc/arm-atollic-eabi/6.3.1/armv7e-m/fpu/fpv5-d16/crtbegin.o
                [!provide]                PROVIDE (__fini_array_end, .)
                0x08002244                _sidata = LOADADDR (.data)

.data           0x20000000        0xc load address 0x08002244
                0x20000000                . = ALIGN (0x4)
                0x20000000                _sdata = .
 *(.data)
 *(.data*)
 .data.uwTickFreq
                0x20000000        0x1 Drivers\STM32F7xx_HAL_Driver\Src\stm32f7xx_hal.o
                0x20000000                uwTickFreq
 *fill*         0x20000001        0x3 
 .data.uwTickPrio
                0x20000004        0x4 Drivers\STM32F7xx_HAL_Driver\Src\stm32f7xx_hal.o
                0x20000004                uwTickPrio
 .data.SystemCoreClock
                0x20000008        0x4 Src\system_stm32f7xx.o
                0x20000008                SystemCoreClock
                0x2000000c                . = ALIGN (0x4)
                0x2000000c                _edata = .

.igot.plt       0x2000000c        0x0 load address 0x08002250
 .igot.plt      0x2000000c        0x0 c:/program files (x86)/atollic/truestudio for stm32 9.1.0/armtools/bin/../lib/gcc/arm-atollic-eabi/6.3.1/armv7e-m/fpu/fpv5-d16/crtbegin.o
                0x2000000c                . = ALIGN (0x4)

.bss            0x2000000c      0x1ec load address 0x08002250
                0x2000000c                _sbss = .
                0x2000000c                __bss_start__ = _sbss
 *(.bss)
 .bss           0x2000000c       0x1c c:/program files (x86)/atollic/truestudio for stm32 9.1.0/armtools/bin/../lib/gcc/arm-atollic-eabi/6.3.1/armv7e-m/fpu/fpv5-d16/crtbegin.o
 *(.bss*)
 *(COMMON)
 COMMON         0x20000028        0x4 Drivers\STM32F7xx_HAL_Driver\Src\stm32f7xx_hal.o
                0x20000028                uwTick
 COMMON         0x2000002c        0x1 Src\fonc.o
                0x2000002c                current_state
 *fill*         0x2000002d        0x3 
 COMMON         0x20000030      0x1c8 Src\main.o
                0x20000030                htim4
                0x20000070                htim5
                0x200000b0                htim3
                0x200000f0                hadc1
                0x20000138                htim1
                0x20000178                htim9
                0x200001b8                htim2
                0x200001f8                . = ALIGN (0x4)
                0x200001f8                _ebss = .
                0x200001f8                __bss_end__ = _ebss

._user_heap_stack
                0x200001f8      0x600 load address 0x08002250
                0x200001f8                . = ALIGN (0x4)
                [!provide]                PROVIDE (end, .)
                [!provide]                PROVIDE (_end, .)
                0x200003f8                . = (. + _Min_Heap_Size)
 *fill*         0x200001f8      0x200 
                0x200007f8                . = (. + _Min_Stack_Size)
 *fill*         0x200003f8      0x400 
                0x200007f8                . = ALIGN (0x4)

/DISCARD/
 libc.a(*)
 libm.a(*)
 libgcc.a(*)

.ARM.attributes
                0x00000000       0x2e
 *(.ARM.attributes)
 .ARM.attributes
                0x00000000       0x20 c:/program files (x86)/atollic/truestudio for stm32 9.1.0/armtools/bin/../lib/gcc/arm-atollic-eabi/6.3.1/armv7e-m/fpu/fpv5-d16/crti.o
 .ARM.attributes
                0x00000020       0x32 c:/program files (x86)/atollic/truestudio for stm32 9.1.0/armtools/bin/../lib/gcc/arm-atollic-eabi/6.3.1/armv7e-m/fpu/fpv5-d16/crtbegin.o
 .ARM.attributes
                0x00000052       0x37 Drivers\STM32F7xx_HAL_Driver\Src\stm32f7xx_hal.o
 .ARM.attributes
                0x00000089       0x37 Drivers\STM32F7xx_HAL_Driver\Src\stm32f7xx_hal_adc.o
 .ARM.attributes
                0x000000c0       0x37 Drivers\STM32F7xx_HAL_Driver\Src\stm32f7xx_hal_cortex.o
 .ARM.attributes
                0x000000f7       0x37 Drivers\STM32F7xx_HAL_Driver\Src\stm32f7xx_hal_gpio.o
 .ARM.attributes
                0x0000012e       0x37 Drivers\STM32F7xx_HAL_Driver\Src\stm32f7xx_hal_pwr_ex.o
 .ARM.attributes
                0x00000165       0x37 Drivers\STM32F7xx_HAL_Driver\Src\stm32f7xx_hal_rcc.o
 .ARM.attributes
                0x0000019c       0x37 Drivers\STM32F7xx_HAL_Driver\Src\stm32f7xx_hal_tim.o
 .ARM.attributes
                0x000001d3       0x37 Drivers\STM32F7xx_HAL_Driver\Src\stm32f7xx_hal_tim_ex.o
 .ARM.attributes
                0x0000020a       0x37 Src\fonc.o
 .ARM.attributes
                0x00000241       0x37 Src\main.o
 .ARM.attributes
                0x00000278       0x37 Src\stm32f7xx_hal_msp.o
 .ARM.attributes
                0x000002af       0x37 Src\stm32f7xx_it.o
 .ARM.attributes
                0x000002e6       0x37 Src\system_stm32f7xx.o
 .ARM.attributes
                0x0000031d       0x21 startup\startup_stm32f767xx.o
 .ARM.attributes
                0x0000033e       0x32 c:/program files (x86)/atollic/truestudio for stm32 9.1.0/armtools/bin/../lib/gcc/arm-atollic-eabi/6.3.1/../../../../arm-atollic-eabi/lib/armv7e-m/fpu/fpv5-d16\libc_nano.a(lib_a-init.o)
 .ARM.attributes
                0x00000370       0x20 c:/program files (x86)/atollic/truestudio for stm32 9.1.0/armtools/bin/../lib/gcc/arm-atollic-eabi/6.3.1/armv7e-m/fpu/fpv5-d16\libgcc.a(_aeabi_uldivmod.o)
 .ARM.attributes
                0x00000390       0x32 c:/program files (x86)/atollic/truestudio for stm32 9.1.0/armtools/bin/../lib/gcc/arm-atollic-eabi/6.3.1/armv7e-m/fpu/fpv5-d16\libgcc.a(_udivmoddi4.o)
 .ARM.attributes
                0x000003c2       0x20 c:/program files (x86)/atollic/truestudio for stm32 9.1.0/armtools/bin/../lib/gcc/arm-atollic-eabi/6.3.1/armv7e-m/fpu/fpv5-d16\libgcc.a(_dvmd_tls.o)
 .ARM.attributes
                0x000003e2       0x20 c:/program files (x86)/atollic/truestudio for stm32 9.1.0/armtools/bin/../lib/gcc/arm-atollic-eabi/6.3.1/armv7e-m/fpu/fpv5-d16/crtn.o
OUTPUT(robot_LED.elf elf32-littlearm)

.debug_info     0x00000000    0x13bb2
 .debug_info    0x00000000     0x1303 Drivers\STM32F7xx_HAL_Driver\Src\stm32f7xx_hal.o
 .debug_info    0x00001303     0x154c Drivers\STM32F7xx_HAL_Driver\Src\stm32f7xx_hal_adc.o
 .debug_info    0x0000284f     0x19a8 Drivers\STM32F7xx_HAL_Driver\Src\stm32f7xx_hal_cortex.o
 .debug_info    0x000041f7      0xfbc Drivers\STM32F7xx_HAL_Driver\Src\stm32f7xx_hal_gpio.o
 .debug_info    0x000051b3     0x122c Drivers\STM32F7xx_HAL_Driver\Src\stm32f7xx_hal_pwr_ex.o
 .debug_info    0x000063df     0x1367 Drivers\STM32F7xx_HAL_Driver\Src\stm32f7xx_hal_rcc.o
 .debug_info    0x00007746     0x3ad5 Drivers\STM32F7xx_HAL_Driver\Src\stm32f7xx_hal_tim.o
 .debug_info    0x0000b21b     0x1e62 Drivers\STM32F7xx_HAL_Driver\Src\stm32f7xx_hal_tim_ex.o
 .debug_info    0x0000d07d     0x1190 Src\fonc.o
 .debug_info    0x0000e20d     0x2641 Src\main.o
 .debug_info    0x0001084e     0x1a09 Src\stm32f7xx_hal_msp.o
 .debug_info    0x00012257      0x9de Src\stm32f7xx_it.o
 .debug_info    0x00012c35      0xf05 Src\system_stm32f7xx.o
 .debug_info    0x00013b3a       0x78 startup\startup_stm32f767xx.o

.debug_abbrev   0x00000000     0x24fe
 .debug_abbrev  0x00000000      0x2f9 Drivers\STM32F7xx_HAL_Driver\Src\stm32f7xx_hal.o
 .debug_abbrev  0x000002f9      0x304 Drivers\STM32F7xx_HAL_Driver\Src\stm32f7xx_hal_adc.o
 .debug_abbrev  0x000005fd      0x399 Drivers\STM32F7xx_HAL_Driver\Src\stm32f7xx_hal_cortex.o
 .debug_abbrev  0x00000996      0x268 Drivers\STM32F7xx_HAL_Driver\Src\stm32f7xx_hal_gpio.o
 .debug_abbrev  0x00000bfe      0x2b6 Drivers\STM32F7xx_HAL_Driver\Src\stm32f7xx_hal_pwr_ex.o
 .debug_abbrev  0x00000eb4      0x35e Drivers\STM32F7xx_HAL_Driver\Src\stm32f7xx_hal_rcc.o
 .debug_abbrev  0x00001212      0x381 Drivers\STM32F7xx_HAL_Driver\Src\stm32f7xx_hal_tim.o
 .debug_abbrev  0x00001593      0x30d Drivers\STM32F7xx_HAL_Driver\Src\stm32f7xx_hal_tim_ex.o
 .debug_abbrev  0x000018a0      0x26d Src\fonc.o
 .debug_abbrev  0x00001b0d      0x347 Src\main.o
 .debug_abbrev  0x00001e54      0x2b5 Src\stm32f7xx_hal_msp.o
 .debug_abbrev  0x00002109      0x1fd Src\stm32f7xx_it.o
 .debug_abbrev  0x00002306      0x1e6 Src\system_stm32f7xx.o
 .debug_abbrev  0x000024ec       0x12 startup\startup_stm32f767xx.o

.debug_loc      0x00000000     0x5c4e
 .debug_loc     0x00000000      0x11b Drivers\STM32F7xx_HAL_Driver\Src\stm32f7xx_hal.o
 .debug_loc     0x0000011b      0x71d Drivers\STM32F7xx_HAL_Driver\Src\stm32f7xx_hal_adc.o
 .debug_loc     0x00000838      0x536 Drivers\STM32F7xx_HAL_Driver\Src\stm32f7xx_hal_cortex.o
 .debug_loc     0x00000d6e      0x3cd Drivers\STM32F7xx_HAL_Driver\Src\stm32f7xx_hal_gpio.o
 .debug_loc     0x0000113b      0x1c2 Drivers\STM32F7xx_HAL_Driver\Src\stm32f7xx_hal_pwr_ex.o
 .debug_loc     0x000012fd      0x40a Drivers\STM32F7xx_HAL_Driver\Src\stm32f7xx_hal_rcc.o
 .debug_loc     0x00001707     0x2eb3 Drivers\STM32F7xx_HAL_Driver\Src\stm32f7xx_hal_tim.o
 .debug_loc     0x000045ba     0x1211 Drivers\STM32F7xx_HAL_Driver\Src\stm32f7xx_hal_tim_ex.o
 .debug_loc     0x000057cb      0x190 Src\fonc.o
 .debug_loc     0x0000595b       0x7b Src\main.o
 .debug_loc     0x000059d6      0x15c Src\stm32f7xx_hal_msp.o
 .debug_loc     0x00005b32      0x11c Src\system_stm32f7xx.o

.debug_aranges  0x00000000      0x8b8
 .debug_aranges
                0x00000000      0x108 Drivers\STM32F7xx_HAL_Driver\Src\stm32f7xx_hal.o
 .debug_aranges
                0x00000108       0xb8 Drivers\STM32F7xx_HAL_Driver\Src\stm32f7xx_hal_adc.o
 .debug_aranges
                0x000001c0       0xa8 Drivers\STM32F7xx_HAL_Driver\Src\stm32f7xx_hal_cortex.o
 .debug_aranges
                0x00000268       0x58 Drivers\STM32F7xx_HAL_Driver\Src\stm32f7xx_hal_gpio.o
 .debug_aranges
                0x000002c0       0x80 Drivers\STM32F7xx_HAL_Driver\Src\stm32f7xx_hal_pwr_ex.o
 .debug_aranges
                0x00000340       0x88 Drivers\STM32F7xx_HAL_Driver\Src\stm32f7xx_hal_rcc.o
 .debug_aranges
                0x000003c8      0x260 Drivers\STM32F7xx_HAL_Driver\Src\stm32f7xx_hal_tim.o
 .debug_aranges
                0x00000628      0x128 Drivers\STM32F7xx_HAL_Driver\Src\stm32f7xx_hal_tim_ex.o
 .debug_aranges
                0x00000750       0x38 Src\fonc.o
 .debug_aranges
                0x00000788       0x30 Src\main.o
 .debug_aranges
                0x000007b8       0x68 Src\stm32f7xx_hal_msp.o
 .debug_aranges
                0x00000820       0x48 Src\stm32f7xx_it.o
 .debug_aranges
                0x00000868       0x28 Src\system_stm32f7xx.o
 .debug_aranges
                0x00000890       0x28 startup\startup_stm32f767xx.o

.debug_ranges   0x00000000      0xc58
 .debug_ranges  0x00000000       0xf8 Drivers\STM32F7xx_HAL_Driver\Src\stm32f7xx_hal.o
 .debug_ranges  0x000000f8       0xc8 Drivers\STM32F7xx_HAL_Driver\Src\stm32f7xx_hal_adc.o
 .debug_ranges  0x000001c0      0x138 Drivers\STM32F7xx_HAL_Driver\Src\stm32f7xx_hal_cortex.o
 .debug_ranges  0x000002f8       0x70 Drivers\STM32F7xx_HAL_Driver\Src\stm32f7xx_hal_gpio.o
 .debug_ranges  0x00000368       0xe8 Drivers\STM32F7xx_HAL_Driver\Src\stm32f7xx_hal_pwr_ex.o
 .debug_ranges  0x00000450       0xf0 Drivers\STM32F7xx_HAL_Driver\Src\stm32f7xx_hal_rcc.o
 .debug_ranges  0x00000540      0x318 Drivers\STM32F7xx_HAL_Driver\Src\stm32f7xx_hal_tim.o
 .debug_ranges  0x00000858      0x118 Drivers\STM32F7xx_HAL_Driver\Src\stm32f7xx_hal_tim_ex.o
 .debug_ranges  0x00000970       0x28 Src\fonc.o
 .debug_ranges  0x00000998      0x100 Src\main.o
 .debug_ranges  0x00000a98      0x150 Src\stm32f7xx_hal_msp.o
 .debug_ranges  0x00000be8       0x38 Src\stm32f7xx_it.o
 .debug_ranges  0x00000c20       0x18 Src\system_stm32f7xx.o
 .debug_ranges  0x00000c38       0x20 startup\startup_stm32f767xx.o

.debug_line     0x00000000     0x4fc9
 .debug_line    0x00000000      0x4e2 Drivers\STM32F7xx_HAL_Driver\Src\stm32f7xx_hal.o
 .debug_line    0x000004e2      0x775 Drivers\STM32F7xx_HAL_Driver\Src\stm32f7xx_hal_adc.o
 .debug_line    0x00000c57      0x4e3 Drivers\STM32F7xx_HAL_Driver\Src\stm32f7xx_hal_cortex.o
 .debug_line    0x0000113a      0x4a8 Drivers\STM32F7xx_HAL_Driver\Src\stm32f7xx_hal_gpio.o
 .debug_line    0x000015e2      0x43c Drivers\STM32F7xx_HAL_Driver\Src\stm32f7xx_hal_pwr_ex.o
 .debug_line    0x00001a1e      0x656 Drivers\STM32F7xx_HAL_Driver\Src\stm32f7xx_hal_rcc.o
 .debug_line    0x00002074     0x12e2 Drivers\STM32F7xx_HAL_Driver\Src\stm32f7xx_hal_tim.o
 .debug_line    0x00003356      0x9b3 Drivers\STM32F7xx_HAL_Driver\Src\stm32f7xx_hal_tim_ex.o
 .debug_line    0x00003d09      0x32b Src\fonc.o
 .debug_line    0x00004034      0x568 Src\main.o
 .debug_line    0x0000459c      0x469 Src\stm32f7xx_hal_msp.o
 .debug_line    0x00004a05      0x2d1 Src\stm32f7xx_it.o
 .debug_line    0x00004cd6      0x274 Src\system_stm32f7xx.o
 .debug_line    0x00004f4a       0x7f startup\startup_stm32f767xx.o

.debug_str      0x00000000     0x3b34
 .debug_str     0x00000000     0x1103 Drivers\STM32F7xx_HAL_Driver\Src\stm32f7xx_hal.o
                               0x11aa (size before relaxing)
 .debug_str     0x00001103      0x6d2 Drivers\STM32F7xx_HAL_Driver\Src\stm32f7xx_hal_adc.o
                                0xda9 (size before relaxing)
 .debug_str     0x000017d5      0x48c Drivers\STM32F7xx_HAL_Driver\Src\stm32f7xx_hal_cortex.o
                               0x12ad (size before relaxing)
 .debug_str     0x00001c61      0x1a7 Drivers\STM32F7xx_HAL_Driver\Src\stm32f7xx_hal_gpio.o
                                0x981 (size before relaxing)
 .debug_str     0x00001e08      0x21a Drivers\STM32F7xx_HAL_Driver\Src\stm32f7xx_hal_pwr_ex.o
                                0xadc (size before relaxing)
 .debug_str     0x00002022      0x30c Drivers\STM32F7xx_HAL_Driver\Src\stm32f7xx_hal_rcc.o
                                0xb68 (size before relaxing)
 .debug_str     0x0000232e      0xefe Drivers\STM32F7xx_HAL_Driver\Src\stm32f7xx_hal_tim.o
                               0x185f (size before relaxing)
 .debug_str     0x0000322c      0x636 Drivers\STM32F7xx_HAL_Driver\Src\stm32f7xx_hal_tim_ex.o
                               0x13a5 (size before relaxing)
 .debug_str     0x00003862       0x88 Src\fonc.o
                                0xb6e (size before relaxing)
 .debug_str     0x000038ea      0x124 Src\main.o
                               0x1aed (size before relaxing)
 .debug_str     0x00003a0e       0x3b Src\stm32f7xx_hal_msp.o
                               0x1506 (size before relaxing)
 .debug_str     0x00003a49       0xa6 Src\stm32f7xx_it.o
                                0x6eb (size before relaxing)
 .debug_str     0x00003aef       0x45 Src\system_stm32f7xx.o
                                0x8ae (size before relaxing)

.comment        0x00000000       0x7c
 .comment       0x00000000       0x7c Drivers\STM32F7xx_HAL_Driver\Src\stm32f7xx_hal.o
                                 0x7d (size before relaxing)
 .comment       0x0000007c       0x7d Drivers\STM32F7xx_HAL_Driver\Src\stm32f7xx_hal_adc.o
 .comment       0x0000007c       0x7d Drivers\STM32F7xx_HAL_Driver\Src\stm32f7xx_hal_cortex.o
 .comment       0x0000007c       0x7d Drivers\STM32F7xx_HAL_Driver\Src\stm32f7xx_hal_gpio.o
 .comment       0x0000007c       0x7d Drivers\STM32F7xx_HAL_Driver\Src\stm32f7xx_hal_pwr_ex.o
 .comment       0x0000007c       0x7d Drivers\STM32F7xx_HAL_Driver\Src\stm32f7xx_hal_rcc.o
 .comment       0x0000007c       0x7d Drivers\STM32F7xx_HAL_Driver\Src\stm32f7xx_hal_tim.o
 .comment       0x0000007c       0x7d Drivers\STM32F7xx_HAL_Driver\Src\stm32f7xx_hal_tim_ex.o
 .comment       0x0000007c       0x7d Src\fonc.o
 .comment       0x0000007c       0x7d Src\main.o
 .comment       0x0000007c       0x7d Src\stm32f7xx_hal_msp.o
 .comment       0x0000007c       0x7d Src\stm32f7xx_it.o
 .comment       0x0000007c       0x7d Src\system_stm32f7xx.o

.debug_frame    0x00000000     0x18d0
 .debug_frame   0x00000000      0x230 Drivers\STM32F7xx_HAL_Driver\Src\stm32f7xx_hal.o
 .debug_frame   0x00000230      0x244 Drivers\STM32F7xx_HAL_Driver\Src\stm32f7xx_hal_adc.o
 .debug_frame   0x00000474      0x158 Drivers\STM32F7xx_HAL_Driver\Src\stm32f7xx_hal_cortex.o
 .debug_frame   0x000005cc       0xd8 Drivers\STM32F7xx_HAL_Driver\Src\stm32f7xx_hal_gpio.o
 .debug_frame   0x000006a4      0x13c Drivers\STM32F7xx_HAL_Driver\Src\stm32f7xx_hal_pwr_ex.o
 .debug_frame   0x000007e0      0x148 Drivers\STM32F7xx_HAL_Driver\Src\stm32f7xx_hal_rcc.o
 .debug_frame   0x00000928      0x87c Drivers\STM32F7xx_HAL_Driver\Src\stm32f7xx_hal_tim.o
 .debug_frame   0x000011a4      0x3f4 Drivers\STM32F7xx_HAL_Driver\Src\stm32f7xx_hal_tim_ex.o
 .debug_frame   0x00001598       0x5c Src\fonc.o
 .debug_frame   0x000015f4       0x68 Src\main.o
 .debug_frame   0x0000165c      0x104 Src\stm32f7xx_hal_msp.o
 .debug_frame   0x00001760       0xac Src\stm32f7xx_it.o
 .debug_frame   0x0000180c       0x38 Src\system_stm32f7xx.o
 .debug_frame   0x00001844       0x2c c:/program files (x86)/atollic/truestudio for stm32 9.1.0/armtools/bin/../lib/gcc/arm-atollic-eabi/6.3.1/../../../../arm-atollic-eabi/lib/armv7e-m/fpu/fpv5-d16\libc_nano.a(lib_a-init.o)
 .debug_frame   0x00001870       0x2c c:/program files (x86)/atollic/truestudio for stm32 9.1.0/armtools/bin/../lib/gcc/arm-atollic-eabi/6.3.1/armv7e-m/fpu/fpv5-d16\libgcc.a(_aeabi_uldivmod.o)
 .debug_frame   0x0000189c       0x34 c:/program files (x86)/atollic/truestudio for stm32 9.1.0/armtools/bin/../lib/gcc/arm-atollic-eabi/6.3.1/armv7e-m/fpu/fpv5-d16\libgcc.a(_udivmoddi4.o)
