stm32f7xx_hal_msp.c:50:6:HAL_MspInit	16	static
stm32f7xx_hal_msp.c:82:6:HAL_ADC_MspInit	32	static
stm32f7xx_hal_msp.c:112:6:HAL_ADC_MspDeInit	0	static
stm32f7xx_hal_msp.c:138:6:HAL_TIM_Base_MspInit	8	static
stm32f7xx_hal_msp.c:155:6:HAL_TIM_Encoder_MspInit	56	static
stm32f7xx_hal_msp.c:261:6:HAL_TIM_PWM_MspInit	8	static
stm32f7xx_hal_msp.c:278:6:HAL_TIM_MspPostInit	32	static
stm32f7xx_hal_msp.c:325:6:HAL_TIM_Base_MspDeInit	0	static
stm32f7xx_hal_msp.c:342:6:HAL_TIM_Encoder_MspDeInit	8	static
stm32f7xx_hal_msp.c:422:6:HAL_TIM_PWM_MspDeInit	0	static
